exports[`renders 1`] = `
<div
  id="result">
  123
</div>
`;